gamma=0.0: S=4.7983e-34  F=1.1393e-31  F/S=237.43872543015098  direct=8.3123e-32  identity_rel_gap=-3.76e-01  face_rank=68
   forcing 0: implied u_min=-0.000000 at h=10  s in [0.7400,0.8000]  active={'u_zero': 16, 'r_zero': 0, 's_zero': 0, 's_one': 0}  face_rank=32
   forcing 1: implied u_min=-0.000000 at h=12  s in [0.7520,0.8000]  active={'u_zero': 12, 'r_zero': 0, 's_zero': 0, 's_one': 0}  face_rank=36
   rho    n   sat-aff(1e-6)  sat-dual_local(1e-6)  common_var_saving_face(1e-6)
   0.00   32     +2.7097        +2.9102               0.2005
   0.00  128     +0.6774        +0.7275               0.0501
   0.00  512     +0.1694        +0.1819               0.0125
   0.25   32    +23.7096       +25.4642               1.7546
   0.25  128     +5.9274        +6.3661               0.4386
   0.25  512     +1.4819        +1.5915               0.1097
   1.00   32    +86.7096       +93.1263               6.4168
   1.00  128    +21.6774       +23.2816               1.6042
   1.00  512     +5.4193        +5.8204               0.4010
gamma=0.04: S=4.9788e-07  F=6.9860e-09  F/S=0.0140317243484784  direct=5.0486e-07  identity_rel_gap=-2.83e-11  face_rank=68
   forcing 0: implied u_min=-0.002228 at h=8  s in [0.7607,0.8209]  active={'u_zero': 16, 'r_zero': 0, 's_zero': 0, 's_one': 0}  face_rank=32
   forcing 1: implied u_min=-0.001592 at h=12  s in [0.7701,0.8180]  active={'u_zero': 12, 'r_zero': 0, 's_zero': 0, 's_one': 0}  face_rank=36
   rho    n   sat-aff(1e-6)  sat-dual_local(1e-6)  common_var_saving_face(1e-6)
   0.00   32     +2.3862        +2.5958               0.2166
   0.00  128     +0.2231        +0.2703               0.0542
   0.00  512     -0.3176        -0.3111               0.0135
   0.25   32    +24.7377       +26.6261               1.8954
   0.25  128     +5.8110        +6.2779               0.4739
   0.25  512     +1.0793        +1.1908               0.1185
   1.00   32    +91.7921       +98.7169               6.9318
   1.00  128    +22.5746       +24.3006               1.7330
   1.00  512     +5.2702        +5.6965               0.4332
