== original_early_stop: cells=36 (min reps 60), held-out resolved 24/30
   eNP: alpha=+7.421e-6  beta=0.899
   eAP: alpha=+6.233e-6  beta=1.017
   eNQ: alpha=+0.151e-6  beta=0.041
   sign accuracy on resolved held-out cells: envelope=1.0  ideal=0.9166666666666666
 gamma    rho    n  reps        S       F    delta  halfwidth  envelope_pred  ideal_pred
+0.000 +0.000   64    60   +0.000  +0.000   +1.993     +1.395         +1.227      +1.487
+0.000 +0.000  256    60   +0.000  +0.000   +4.343     +2.196         +1.311      +0.372
+0.000 +0.000 1024    60   +0.000  +0.000   +2.377     +1.181         +1.333      +0.093
+0.000 +1.000   64    60   +0.000  +0.000   -0.830     +8.597         -2.273     +47.582
+0.000 +1.000  256    60   +0.000  +0.000   -5.431     +5.273         +0.436     +11.895
+0.000 +1.000 1024    60   +0.000  +0.000   +0.696     +3.022         +1.114      +2.974
+0.040 +0.000   64    60   +2.745  +0.019   -1.051     +1.642         -1.546      -1.145
+0.040 +0.000  256    60   +2.745  +0.019   -1.136     +1.237         -1.455      -2.345
+0.040 +0.000 1024    60   +2.745  +0.019   -0.755     +1.524         -1.432      -2.645
+0.040 +1.000   64    60   +2.745  +0.019   -5.891     +9.811         -5.325     +48.461
+0.040 +1.000  256    60   +2.745  +0.019   -5.255     +5.726         -2.400     +10.057
+0.040 +1.000 1024    60   +2.745  +0.019   -2.002     +3.022         -1.668      +0.455
+0.080 +0.000   64    60  +15.406  +0.196  -14.721     +2.035        -14.396     -13.656
+0.080 +0.000  256    60  +15.406  +0.196  -15.604     +1.689        -14.296     -14.968
+0.080 +0.000 1024    60  +15.406  +0.196  -16.621     +1.119        -14.271     -15.297
+0.080 +1.000   64    60  +15.406  +0.196  -20.846    +12.010        -18.553     +40.583
+0.080 +1.000  256    60  +15.406  +0.196  -16.700     +5.344        -15.335      -1.409
+0.080 +1.000 1024    60  +15.406  +0.196  -17.373     +4.501        -14.530     -11.907
+0.120 +0.000   64    60  +53.486  +1.317  -58.109     +1.557        -53.616     -51.524
+0.120 +0.000  256    60  +53.486  +1.317  -58.458     +1.486        -53.502     -52.996
+0.120 +0.000 1024    60  +53.486  +1.317  -57.999     +1.337        -53.473     -53.363
+0.120 +1.000   64    60  +53.486  +1.317  -51.177    +14.574        -58.340      +9.297
+0.120 +1.000  256    60  +53.486  +1.317  -56.346     +7.452        -54.683     -37.790
+0.120 +1.000 1024    60  +53.486  +1.317  -57.199     +4.331        -53.768     -49.562
+0.160 +0.000   64    60 +173.857  +8.895 -189.073     +2.419       -181.597    -171.549
+0.160 +0.000  256    60 +173.857  +8.895 -189.110     +1.548       -181.458    -173.280
+0.160 +0.000 1024    60 +173.857  +8.895 -189.295     +1.427       -181.423    -173.712
+0.160 +1.000   64    60 +173.857  +8.895 -165.786    +16.632       -187.355    -100.002
+0.160 +1.000  256    60 +173.857  +8.895 -178.770    +12.276       -182.898    -155.393
+0.160 +1.000 1024    60 +173.857  +8.895 -184.263     +6.904       -181.783    -169.241
+0.190 +0.000   64    60 +487.507 +49.026 -542.921     +2.948       -535.439    -484.689
+0.190 +0.000  256    60 +487.507 +49.026 -542.157     +2.359       -535.254    -486.802
+0.190 +0.000 1024    60 +487.507 +49.026 -543.151     +3.395       -535.208    -487.331
+0.190 +1.000   64    60 +487.507 +49.026 -473.937    +37.011       -543.073    -397.347
+0.190 +1.000  256    60 +487.507 +49.026 -531.740    +20.066       -537.163    -464.967
+0.190 +1.000 1024    60 +487.507 +49.026 -529.310     +7.863       -535.685    -481.872
== fixed_3000_ablation: cells=36 (min reps 60), held-out resolved 20/30
   eNP: alpha=+25.772e-6  beta=0.634
   eAP: alpha=+14.649e-6  beta=1.007
   eNQ: alpha=+0.012e-6  beta=0.081
   sign accuracy on resolved held-out cells: envelope=1.0  ideal=0.95
 gamma    rho    n  reps        S       F    delta  halfwidth  envelope_pred  ideal_pred
+0.000 +0.000   64    60   +0.000  +0.000  +13.886     +9.690        +10.700      +1.487
+0.000 +0.000  256    60   +0.000  +0.000   +4.942     +4.022        +11.026      +0.372
+0.000 +0.000 1024    60   +0.000  +0.000  +11.760     +6.742        +11.107      +0.093
+0.000 +1.000   64    60   +0.000  +0.000   -4.114    +15.210         -2.785     +47.582
+0.000 +1.000  256    60   +0.000  +0.000  +13.268    +14.035         +7.655     +11.895
+0.000 +1.000 1024    60   +0.000  +0.000   +8.224    +15.152        +10.265      +2.974
+0.040 +0.000   64    60   +2.745  +0.019   +4.824    +11.063         +7.901      -1.145
+0.040 +0.000  256    60   +2.745  +0.019   +7.908     +9.988         +8.253      -2.345
+0.040 +0.000 1024    60   +2.745  +0.019  +11.444     +7.138         +8.341      -2.645
+0.040 +1.000   64    60   +2.745  +0.019  +18.260    +21.363         -6.648     +48.461
+0.040 +1.000  256    60   +2.745  +0.019  +14.644    +12.913         +4.616     +10.057
+0.040 +1.000 1024    60   +2.745  +0.019  +17.186    +17.811         +7.432      +0.455
+0.080 +0.000   64    60  +15.406  +0.196   -7.540     +5.099         -4.983     -13.656
+0.080 +0.000  256    60  +15.406  +0.196   +0.977     +7.435         -4.596     -14.968
+0.080 +0.000 1024    60  +15.406  +0.196   -5.682     +7.144         -4.499     -15.297
+0.080 +1.000   64    60  +15.406  +0.196  +17.607    +22.826        -20.972     +40.583
+0.080 +1.000  256    60  +15.406  +0.196   -4.493    +21.984         -8.593      -1.409
+0.080 +1.000 1024    60  +15.406  +0.196   -7.132    +15.853         -5.499     -11.907
+0.120 +0.000   64    60  +53.486  +1.317  -41.136     +8.412        -44.253     -51.524
+0.120 +0.000  256    60  +53.486  +1.317  -42.539     +7.738        -43.815     -52.996
+0.120 +0.000 1024    60  +53.486  +1.317  -37.733    +11.535        -43.705     -53.363
+0.120 +1.000   64    60  +53.486  +1.317  -14.403    +18.329        -62.383      +9.297
+0.120 +1.000  256    60  +53.486  +1.317  -50.158    +19.735        -48.347     -37.790
+0.120 +1.000 1024    60  +53.486  +1.317  -24.808    +16.897        -44.838     -49.562
+0.160 +0.000   64    60 +173.857  +8.895 -172.797     +9.837       -172.325    -171.549
+0.160 +0.000  256    60 +173.857  +8.895 -161.255    +17.707       -171.794    -173.280
+0.160 +0.000 1024    60 +173.857  +8.895 -167.370    +11.812       -171.661    -173.712
+0.160 +1.000   64    60 +173.857  +8.895 -125.990    +36.793       -194.291    -100.002
+0.160 +1.000  256    60 +173.857  +8.895 -133.561    +25.306       -177.285    -155.393
+0.160 +1.000 1024    60 +173.857  +8.895 -155.396    +33.328       -173.034    -169.241
+0.190 +0.000   64    60 +487.507 +49.026 -496.106    +17.365       -526.325    -484.689
+0.190 +0.000  256    60 +487.507 +49.026 -508.272    +15.573       -525.630    -486.802
+0.190 +0.000 1024    60 +487.507 +49.026 -511.240    +18.179       -525.456    -487.331
+0.190 +1.000   64    60 +487.507 +49.026 -449.408    +54.054       -555.066    -397.347
+0.190 +1.000  256    60 +487.507 +49.026 -467.322    +38.449       -532.815    -464.967
+0.190 +1.000 1024    60 +487.507 +49.026 -459.772    +25.464       -527.252    -481.872
gamma=0.00: S=5.662e-34  F=5.184e-32  F/S=nan
gamma=0.04: S=2.745e-06  F=1.898e-08  F/S=0.007
gamma=0.08: S=1.541e-05  F=1.959e-07  F/S=0.013
gamma=0.12: S=5.349e-05  F=1.317e-06  F/S=0.025
gamma=0.16: S=1.739e-04  F=8.895e-06  F/S=0.051
gamma=0.19: S=4.875e-04  F=4.903e-05  F/S=0.101
