== A8192: cells=16 (min reps 40)
   shared floor/slope NET       : alpha=+8.511e-6  beta=0.793
   shared floor/slope ASYM      : alpha=+5.681e-6  beta=1.157
   shared floor/slope ASYM_STATE: alpha=+4.458e-6  beta=1.123
   excluded-direction slope NET beta_Q=0.016  ASYM_STATE beta_Q=0.053
   H1=True  H2=True  H3(low-noise, S>0)=True  H3(no feedback)=True  H4=True  [resolved 10/12: envelope 1.0, ideal 0.6]
 fi   rho    n      S  d_NET_ASYM  hw_NET_ASYM  envelope_pred  ideal_pred  d_ASYM_STATE_ASYM  hw_ASYM_STATE_ASYM  d_NET_ASYM_STATE  hw_NET_ASYM_STATE
  0 +0.00   64  +0.00       +5.64        +2.23          +2.84       +1.49              +0.01               +0.73             +5.62              +2.24
  0 +0.00 1024  +0.00       +4.34        +1.55          +3.32       +0.09              -0.73               +0.37             +5.07              +1.48
  0 +1.00   64  +0.00      -13.05       +10.09         -13.21      +47.58              +0.38               +7.85            -13.43             +10.46
  0 +1.00 1024  +0.00       -1.66        +2.38          +2.32       +2.97              -0.77               +2.75             -0.88              +2.83
  1 +0.00   64  +2.75       +1.23        +3.17          +0.03       -1.14              -3.64               +0.66             +4.87              +3.08
  1 +0.00 1024  +2.75       +1.28        +2.00          +0.56       -2.65              -3.86               +0.35             +5.14              +1.96
  1 +1.00   64  +2.75      -17.60        +9.84         -17.27      +48.46              -4.53               +7.31            -13.06              +8.95
  1 +1.00 1024  +2.75       -8.77        +3.62          -0.53       +0.46              -5.46               +3.10             -3.31              +2.88
  2 +0.00   64 +15.41      -12.74        +6.40         -12.86      -13.66             -17.40               +0.77             +4.66              +6.60
  2 +0.00 1024 +15.41      -16.97        +1.20         -12.28      -15.30             -18.13               +0.38             +1.16              +1.09
  2 +1.00   64 +15.41      -27.93       +11.61         -31.86      +40.58             -22.27               +9.81             -5.66             +10.52
  2 +1.00 1024 +15.41      -22.54        +4.80         -13.47      -11.91             -20.52               +3.18             -2.02              +4.45
  3 +0.00   64 +53.49      -58.86        +2.03         -52.14      -51.52             -60.22               +1.04             +1.36              +1.71
  3 +0.00 1024 +53.49      -60.23        +1.04         -51.49      -53.36             -60.87               +0.48             +0.64              +0.96
  3 +1.00   64 +53.49      -72.65       +16.64         -73.64       +9.30             -55.51              +19.53            -17.15             +14.55
  3 +1.00 1024 +53.49      -62.83        +4.42         -52.84      -49.56             -61.38               +3.07             -1.45              +4.19
== B32768: cells=16 (min reps 40)
   shared floor/slope NET       : alpha=+6.990e-6  beta=0.783
   shared floor/slope ASYM      : alpha=+4.701e-6  beta=0.981
   shared floor/slope ASYM_STATE: alpha=+5.127e-6  beta=0.891
   excluded-direction slope NET beta_Q=0.021  ASYM_STATE beta_Q=0.100
   H1=True  H2=True  H3(low-noise, S>0)=True  H3(no feedback)=False  H4=True  [resolved 8/12: envelope 1.0, ideal 0.75]
 fi   rho    n      S  d_NET_ASYM  hw_NET_ASYM  envelope_pred  ideal_pred  d_ASYM_STATE_ASYM  hw_ASYM_STATE_ASYM  d_NET_ASYM_STATE  hw_NET_ASYM_STATE
  0 +0.00   64  +0.00       +3.50        +2.36          +2.31       +1.49              -0.61               +0.90             +4.11              +2.20
  0 +0.00 1024  +0.00       +3.29        +2.35          +2.56       +0.09              -0.66               +0.75             +3.94              +2.27
  0 +1.00   64  +0.00       -5.75       +11.73          -5.84      +47.58              +1.75              +13.90             -7.50              +9.05
  0 +1.00 1024  +0.00       +0.04        +2.45          +2.05       +2.97              +5.87               +3.33             -5.82              +3.54
  1 +0.00   64  +1.65       +1.51        +1.76          +0.68       -0.25              -1.66               +0.92             +3.17              +1.62
  1 +0.00 1024  +1.65       +0.98        +1.60          +0.91       -1.56              -1.85               +0.55             +2.83              +1.60
  1 +1.00   64  +1.65       -7.35       +10.16          -6.97      +43.05              +0.48               +7.65             -7.83              +8.02
  1 +1.00 1024  +1.65       +3.21        +4.68          +0.43       +1.15              +0.99               +2.34             +2.22              +5.01
  2 +0.00   64  +7.69       -4.92        +2.04          -5.34       -6.40              -7.74               +0.67             +2.81              +1.79
  2 +0.00 1024  +7.69       -3.45        +2.30          -5.13       -7.61              -8.22               +0.32             +4.77              +2.31
  2 +1.00   64  +7.69      -16.03        +9.53         -12.40      +33.60             -11.00               +7.94             -5.04              +6.45
  2 +1.00 1024  +7.69       -5.45        +4.04          -5.57       -5.11              -6.31               +3.46             +0.86              +2.72
  3 +0.00   64 +21.12      -22.49        +1.64         -18.75      -19.96             -23.79               +0.99             +1.30              +1.38
  3 +0.00 1024 +21.12      -21.53        +1.69         -18.56      -21.05             -23.05               +0.43             +1.52              +1.79
  3 +1.00   64 +21.12      -20.75        +5.75         -25.09      +16.00             -18.21               +6.85             -2.53              +5.07
  3 +1.00 1024 +21.12      -19.20        +3.07         -18.96      -18.80             -21.07               +2.23             +1.87              +2.95
== B8192: cells=16 (min reps 40)
   shared floor/slope NET       : alpha=+7.766e-6  beta=0.714
   shared floor/slope ASYM      : alpha=+5.998e-6  beta=0.917
   shared floor/slope ASYM_STATE: alpha=+4.441e-6  beta=0.822
   excluded-direction slope NET beta_Q=0.013  ASYM_STATE beta_Q=0.070
   H1=True  H2=True  H3(low-noise, S>0)=True  H3(no feedback)=True  H4=True  [resolved 10/12: envelope 1.0, ideal 0.5]
 fi   rho    n      S  d_NET_ASYM  hw_NET_ASYM  envelope_pred  ideal_pred  d_ASYM_STATE_ASYM  hw_ASYM_STATE_ASYM  d_NET_ASYM_STATE  hw_NET_ASYM_STATE
  0 +0.00   64  +0.00       +3.99        +1.44          +1.96       +1.49              -0.80               +0.67             +4.79              +1.46
  0 +0.00 1024  +0.00       +4.93        +1.34          +2.23       +0.09              -0.45               +0.34             +5.38              +1.35
  0 +1.00   64  +0.00       -6.57        +7.73          -6.81      +47.58              -1.98               +7.51             -4.59              +7.25
  0 +1.00 1024  +0.00       -3.28        +2.68          +1.68       +2.97              -1.26               +1.79             -2.03              +2.52
  1 +0.00   64  +1.65       +4.31        +1.54          +0.34       -0.25              -1.41               +0.33             +5.72              +1.52
  1 +0.00 1024  +1.65       +4.61        +1.78          +0.58       -1.56              -1.64               +0.22             +6.25              +1.83
  1 +1.00   64  +1.65       -8.21        +6.50          -7.90      +43.05              +3.18               +7.74            -11.39              +7.68
  1 +1.00 1024  +1.65       +1.18        +2.91          +0.07       +1.15              -1.27               +2.10             +2.45              +2.77
  2 +0.00   64  +7.69       -2.55        +2.15          -5.69       -6.40              -7.38               +0.50             +4.83              +2.24
  2 +0.00 1024  +7.69       -3.10        +1.30          -5.46       -7.61              -7.26               +0.17             +4.15              +1.31
  2 +1.00   64  +7.69      -11.26       +10.48         -13.28      +33.60              -9.13              +10.91             -2.13              +6.86
  2 +1.00 1024  +7.69       -1.85        +3.56          -5.93       -5.11              -5.86               +1.99             +4.00              +3.51
  3 +0.00   64 +21.12      -20.22        +1.05         -19.10      -19.96             -22.26               +0.38             +2.04              +1.12
  3 +0.00 1024 +21.12      -20.00        +1.14         -18.89      -21.05             -22.34               +0.28             +2.35              +1.17
  3 +1.00   64 +21.12       -8.74        +5.90         -25.92      +16.00             -14.01               +8.11             +5.27              +9.74
  3 +1.00 1024 +21.12      -17.05        +2.87         -19.32      -18.80             -20.79               +1.91             +3.75              +2.38
nice -n 5 python3.11 source/b5_analyze.py  1053.88s user 31.50s system 595% cpu 3:02.11 total
