== training_support | original_early_stop
   eNP: floor alpha = +7.247e-6   slope beta = 0.583
   eAP: floor alpha = +4.742e-6   slope beta = 0.693
   eNQ: floor alpha = +0.282e-6   slope beta = 0.029
   resolved cells (|delta| > MC half-width): 2 of 18
   sign accuracy on resolved cells: envelope (LOO) = 1.0   ideal-estimator criterion = 1.0
 gamma    rho   n  delta  halfwidth  envelope_pred_delta  ideal_delta
+0.000 +0.000  32 +1.940     +2.034               +2.607       +2.710
+0.000 +0.000 128 +2.085     +2.011               +2.784       +0.677
+0.000 +0.000 512 +0.248     +1.274               +2.985       +0.169
+0.000 +0.250  32 +2.476    +10.729               +0.683      +23.710
+0.000 +0.250 128 +1.183     +2.902               +2.365       +5.927
+0.000 +0.250 512 +1.568     +2.739               +2.750       +1.482
+0.000 +1.000  32 -6.167    +15.701               -3.324      +86.710
+0.000 +1.000 128 +2.535    +10.293               +0.864      +21.677
+0.000 +1.000 512 +2.573     +2.796               +2.314       +5.419
+0.040 +0.000  32 +0.970     +2.682               +2.127       +2.386
+0.040 +0.000 128 +2.747     +1.937               +2.186       +0.223
+0.040 +0.000 512 +0.646     +1.074               +2.411       -0.318
+0.040 +0.250  32 -0.990     +6.453               +0.221      +24.738
+0.040 +0.250 128 +0.913     +2.553               +1.812       +5.811
+0.040 +0.250 512 +2.643     +2.865               +2.117       +1.079
+0.040 +1.000  32 -6.239    +13.644               -4.884      +91.792
+0.040 +1.000 128 +7.768    +14.089               -0.130      +22.575
+0.040 +1.000 512 +2.861     +4.175               +1.726       +5.270
== training_support | fixed_3000_ablation
   eNP: floor alpha = +19.938e-6   slope beta = 0.926
   eAP: floor alpha = +16.738e-6   slope beta = 0.766
   eNQ: floor alpha = -0.046e-6   slope beta = 0.093
   resolved cells (|delta| > MC half-width): 2 of 18
   sign accuracy on resolved cells: envelope (LOO) = 1.0   ideal-estimator criterion = 1.0
 gamma    rho   n   delta  halfwidth  envelope_pred_delta  ideal_delta
+0.000 +0.000  32  +5.733    +10.119               +3.713       +2.710
+0.000 +0.000 128  -1.469     +9.726               +3.723       +0.677
+0.000 +0.000 512  +2.691     +5.784               +3.240       +0.169
+0.000 +0.250  32  +4.671    +12.222               +9.595      +23.710
+0.000 +0.250 128  +3.139     +7.362               +4.799       +5.927
+0.000 +0.250 512  +2.820    +14.232               +3.596       +1.482
+0.000 +1.000  32 +35.841    +35.252              +18.205      +86.710
+0.000 +1.000 128  -0.996    +15.494               +9.370      +21.677
+0.000 +1.000 512  +5.995    +16.654               +4.459       +5.419
+0.040 +0.000  32  +1.701     +6.977               +3.536       +2.386
+0.040 +0.000 128  +6.765     +8.487               +2.522       +0.223
+0.040 +0.000 512  +3.071     +6.238               +2.672       -0.318
+0.040 +0.250  32 +24.356    +19.521               +8.245      +24.738
+0.040 +0.250 128  -4.130    +10.414               +4.877       +5.811
+0.040 +0.250 512  +9.947    +10.773               +2.519       +1.079
+0.040 +1.000  32 +17.737    +35.515              +35.176      +91.792
+0.040 +1.000 128  +4.097    +26.428               +8.944      +22.575
+0.040 +1.000 512  +9.973    +23.299               +3.752       +5.270
