units 1633, systems 15
pooled MSE x1e4 (weighted): NET 28.338, ASYM 24.427, ASYM_STATE 24.558, NET_init 33.475, ASYM_init 33.759, ASYM_STATE_init 33.759, persistence 33.475, zero 34.357
pooled MSE x1e4 (unweighted): NET 45.614, ASYM 34.490, ASYM_STATE 34.142, NET_init 53.266, ASYM_init 53.817, ASYM_STATE_init 53.817, persistence 53.266, zero 55.180
  NET-ASYM (weighted): +3.9116 [-1.0794, +10.8964] x1e-4
  NET-ASYM (unweighted): +11.1237 [+0.3464, +24.3682] x1e-4
  ASYM_STATE-ASYM (weighted): +0.1311 [-2.5737, +3.3718] x1e-4
  ASYM_STATE-ASYM (unweighted): -0.3482 [-2.5471, +2.0782] x1e-4
  NET-ASYM_STATE (weighted): +3.7805 [-2.1007, +11.4915] x1e-4
  NET-ASYM_STATE (unweighted): +11.4719 [+0.0410, +25.3102] x1e-4
  NET-persistence (weighted): -5.1362 [-13.6948, +4.2392] x1e-4
  NET-persistence (unweighted): -7.6515 [-22.9878, +3.7457] x1e-4
  ASYM-persistence (weighted): -9.0478 [-16.4216, -2.4497] x1e-4
  ASYM-persistence (unweighted): -18.7752 [-33.4260, -4.9265] x1e-4
  ASYM_STATE-persistence (weighted): -8.9167 [-15.4766, -2.9491] x1e-4
  ASYM_STATE-persistence (unweighted): -19.1234 [-34.3164, -4.9982] x1e-4
system  units  mean_level  max_level      NET    ASYM  ASYM_STATE  persistence     zero  net_better_units
S00001     34      0.0003     0.0015   4.0456  0.0256      0.0275       0.0213   0.0200                 0
S00006     52      0.0003     0.0038   2.9957  0.0847      0.0852       0.0858   0.0837                 0
S00008    140      0.0007     0.0095   1.8372  0.2840      0.2793       0.2729   0.2730                 1
S00009    140      0.0007     0.0091   2.8741  0.1898      0.1903       0.1973   0.1926                 0
S00011    117      0.0002     0.0039   0.6945  0.0524      0.0528       0.0524   0.0521                 0
S00023    140      0.0143     0.2876  26.4468 27.4635     27.3422      30.8930  30.8976                26
S00034    140      0.0318     0.4287  47.8172 49.5511     58.4360      75.2151  75.3413                34
S00037    140      0.0428     0.4643 114.5171 65.6353     65.0447     114.5171 138.5393                73
S00040    140      0.0017     0.0250   5.0413  1.6195      1.3726       1.2202   1.2203                 4
S00042    140      0.0016     0.0198  14.7409  1.4609      1.4798       0.4751   0.4795                 2
S00046    140      0.0399     0.5138  60.7835 41.7739     39.8733      60.7835  61.1067                59
S00047    140      0.0373     0.6001  42.3175 50.0847     43.7507      62.0903  62.1427                62
S00052     59      0.0008     0.0051   2.1764  0.3693      0.3665       0.3812   0.3701                 0
S00053     15      0.0006     0.0028   0.5536  0.5507      0.5511       0.5536   0.5544                10
S00054     96      0.0003     0.0022   5.1318  0.6884      0.3975       0.0721   0.0578                 0
P1 level_observed (ex post): Spearman units -0.594 (p 1.7e-156), systems -0.771 (p 0.00076)
 decile                                     level_range  units  share_NET_better  weighted_delta_NET_minus_ASYM  median_rd
      1                     [0.0, 3.48095090885181e-05]    164           0.14634                      0.0002866    0.99071
      2 [3.552609996404499e-05, 0.00010070721327792853]    163           0.19632                     0.00034649    0.99094
      3 [0.00010089426359627396, 0.0001814562565414235]    163           0.17178                      0.0002688    0.98214
      4 [0.00018222506332676858, 0.0003000208525918424]    163          0.079755                     0.00034385    0.97235
      5 [0.00030005036387592554, 0.0004759230650961399]    164          0.060976                     0.00050355    0.95708
      6 [0.00047602286213077605, 0.0007630086038261652]    163           0.07362                     0.00041025    0.89361
      7  [0.0007660253322683275, 0.0013889268739148974]    163           0.04908                     0.00048828    0.79246
      8  [0.0013894891599193215, 0.0036903424188494682]    163           0.11043                     0.00034091    0.56595
      9      [0.00369092496111989, 0.02629202976822853]    163           0.34969                     -0.0014368   0.079845
     10      [0.026303282007575035, 0.6000902652740479]    164           0.42073                        0.00311   0.063505
P1 level_predicted (ex ante): Spearman units -0.266 (p 7.8e-28), systems -0.482 (p 0.069)
 decile                                     level_range  units  share_NET_better  weighted_delta_NET_minus_ASYM  median_rd
      1 [-0.016496168449521065, -0.0017084291903302073]    164                 0                      0.0010222    0.98015
      2 [-0.0017045674612745643, 4.079334030393511e-05]    163           0.01227                     0.00022692    0.96925
      3  [4.605505819199607e-05, 0.0003865784965455532]    163           0.53374                     1.9391e-05  -0.027346
      4  [0.0003866500046569854, 0.0012931206729263067]    163           0.18405                     0.00011117    0.78688
      5  [0.0013068949338048697, 0.0024953624233603477]    164          0.073171                     0.00011276     0.9442
      6    [0.002503919182345271, 0.004100026097148657]    163           0.01227                      0.0003318    0.96551
      7    [0.004108040127903223, 0.006194098386913538]    163          0.030675                     0.00031563    0.96801
      8   [0.0061974599957466125, 0.011370287276804447]    163          0.079755                     0.00048491    0.94887
      9     [0.011378122493624687, 0.03365729749202728]    163           0.25153                     0.00043887    0.33378
     10      [0.03410318121314049, 0.38858044147491455]    164           0.48171                     0.00049453    0.04562
P3: slopes [('S00001', None), ('S00006', None), ('S00008', -3.143), ('S00009', -2.665), ('S00011', -5.991), ('S00023', -0.172), ('S00034', -0.163), ('S00037', -0.063), ('S00040', 3.083), ('S00042', 3.519), ('S00046', -0.126), ('S00047', -0.104), ('S00052', None), ('S00053', None), ('S00054', -1.253)]; Spearman(slope, mean rd) -0.609 (p 0.047)
