units 1633, systems 15
pooled MSE x1e4 (weighted): NET 25.530, ASYM 26.632, ASYM_STATE 25.192, NET_init 33.475, ASYM_init 33.759, ASYM_STATE_init 33.759, persistence 33.475, zero 34.357
pooled MSE x1e4 (unweighted): NET 38.642, ASYM 36.728, ASYM_STATE 34.504, NET_init 53.266, ASYM_init 53.817, ASYM_STATE_init 53.817, persistence 53.266, zero 55.180
  NET-ASYM (weighted): -1.1025 [-9.7784, +6.5492] x1e-4
  NET-ASYM (unweighted): +1.9137 [-8.6394, +11.3816] x1e-4
  ASYM_STATE-ASYM (weighted): -1.4399 [-6.7161, +3.2885] x1e-4
  ASYM_STATE-ASYM (unweighted): -2.2243 [-7.7224, +1.8533] x1e-4
  NET-ASYM_STATE (weighted): +0.3374 [-4.5904, +6.7479] x1e-4
  NET-ASYM_STATE (unweighted): +4.1380 [-2.7216, +11.9984] x1e-4
  NET-persistence (weighted): -7.9451 [-16.1826, +1.3421] x1e-4
  NET-persistence (unweighted): -14.6234 [-29.1499, -1.9901] x1e-4
  ASYM-persistence (weighted): -6.8427 [-15.3675, +0.1203] x1e-4
  ASYM-persistence (unweighted): -16.5371 [-30.3442, -3.7051] x1e-4
  ASYM_STATE-persistence (weighted): -8.2826 [-14.3534, -2.7915] x1e-4
  ASYM_STATE-persistence (unweighted): -18.7614 [-33.5318, -5.0025] x1e-4
system  units  mean_level  max_level     NET    ASYM  ASYM_STATE  persistence     zero  net_better_units
S00001     34      0.0003     0.0015  1.0988  0.0256      0.0275       0.0213   0.0200                 0
S00006     52      0.0003     0.0038  0.9653  0.0847      0.0852       0.0858   0.0837                 0
S00008    140      0.0007     0.0095  1.3791  0.2840      0.2793       0.2729   0.2730                 1
S00009    140      0.0007     0.0091  0.7517  0.1902      0.1913       0.1973   0.1926                 0
S00011    117      0.0002     0.0039  0.6233  0.0524      0.0528       0.0524   0.0521                 1
S00023    140      0.0143     0.2876 24.9358 27.5356     27.5098      30.8930  30.8976                38
S00034    140      0.0318     0.4287 49.3872 49.5511     58.4360      75.2151  75.3413                36
S00037    140      0.0428     0.4643 99.9022 65.6353     65.0447     114.5171 138.5393                10
S00040    140      0.0017     0.0250  4.2791  1.6195      1.3726       1.2202   1.2203                 7
S00042    140      0.0016     0.0198 12.5659  1.9094      1.2446       0.4751   0.4795                16
S00046    140      0.0399     0.5138 47.8139 41.7739     39.8733      60.7835  61.1067                24
S00047    140      0.0373     0.6001 37.9406 64.9691     48.1149      62.0903  62.1427                65
S00052     59      0.0008     0.0051  1.4651  0.3693      0.3665       0.3812   0.3701                 0
S00053     15      0.0006     0.0028  0.9131  0.5507      0.5511       0.5536   0.5544                 0
S00054     96      0.0003     0.0022  1.8622  0.5807      0.5184       0.0721   0.0578                 0
P1 level_observed (ex post): Spearman units -0.815 (p 0), systems -0.879 (p 1.6e-05)
 decile                                     level_range  units  share_NET_better  weighted_delta_NET_minus_ASYM  median_rd
      1                     [0.0, 3.48095090885181e-05]    164          0.012195                     0.00033966    0.98589
      2 [3.552609996404499e-05, 0.00010070721327792853]    163                 0                     0.00022286     0.9862
      3 [0.00010089426359627396, 0.0001814562565414235]    163           0.01227                     9.1346e-05    0.97464
      4 [0.00018222506332676858, 0.0003000208525918424]    163                 0                     0.00025084    0.96391
      5 [0.00030005036387592554, 0.0004759230650961399]    164         0.0060976                     0.00050393    0.93129
      6 [0.00047602286213077605, 0.0007630086038261652]    163          0.030675                      0.0002784    0.84535
      7  [0.0007660253322683275, 0.0013889268739148974]    163          0.030675                     0.00030994    0.72074
      8  [0.0013894891599193215, 0.0036903424188494682]    163           0.11656                    -5.7939e-05    0.52294
      9      [0.00369092496111989, 0.02629202976822853]    163           0.47853                     -0.0025095   0.015531
     10      [0.026303282007575035, 0.6000902652740479]    164           0.52439                    -0.00096622 -0.0077815
P1 level_predicted (ex ante): Spearman units -0.514 (p 7.6e-111), systems -0.861 (p 3.8e-05)
 decile                                     level_range  units  share_NET_better  weighted_delta_NET_minus_ASYM  median_rd
      1  [-0.01097472570836544, -0.0021552855614572763]    164                 0                     0.00098839    0.98144
      2 [-0.002135846298187971, -0.0010312371887266636]    163                 0                     0.00034712    0.95991
      3 [-0.0010310952784493566, -0.000262786983512342]    163                 0                      0.0001168    0.94786
      4  [-0.000259076856309548, 0.0005591446533799171]    163          0.018405                     0.00014197    0.93297
      5   [0.0005625364719890058, 0.001573200454004109]    164          0.036585                     0.00010309    0.90329
      6  [0.0015907993074506521, 0.0028483900241553783]    163           0.02454                     0.00010661     0.9447
      7  [0.0028654271736741066, 0.0048661986365914345]    163          0.092025                     0.00015441    0.92492
      8    [0.004906053189188242, 0.009725088253617287]    163           0.12883                     0.00025526    0.85545
      9     [0.00991107802838087, 0.033053528517484665]    163           0.33129                    -0.00074104    0.20155
     10       [0.03314664587378502, 0.3109360635280609]    164           0.57927                     -0.0034788  -0.081619
P3: slopes [('S00001', None), ('S00006', None), ('S00008', -3.143), ('S00009', -2.665), ('S00011', -5.991), ('S00023', -0.172), ('S00034', -0.163), ('S00037', -0.063), ('S00040', 3.083), ('S00042', 3.519), ('S00046', -0.126), ('S00047', -0.104), ('S00052', None), ('S00053', None), ('S00054', -1.253)]; Spearman(slope, mean rd) -0.527 (p 0.096)
